// Jest Snapshot v1, https://goo.gl/fbAQLP

exports[`render renders correctly 1`] = `
<View
  accessible={true}
  focusable={true}
  onClick={[Function]}
  onResponderGrant={[Function]}
  onResponderMove={[Function]}
  onResponderRelease={[Function]}
  onResponderTerminate={[Function]}
  onResponderTerminationRequest={[Function]}
  onStartShouldSetResponder={[Function]}
  style={
    Object {
      "opacity": 1,
    }
  }
>
  <View
    style={
      Object {
        "backgroundColor": "#ccc",
        "borderColor": "black",
        "borderWidth": 1,
        "marginVertical": 10,
        "padding": 10,
      }
    }
  >
    <Text />
  </View>
</View>
`;
