// Jest Snapshot v1, https://goo.gl/fbAQLP

exports[`renders correctly 1`] = `
<View
  style={
    Object {
      "padding": 50,
    }
  }
>
  <View
    accessibilityRole="button"
    accessibilityState={Object {}}
    accessible={true}
    focusable={true}
    onClick={[Function]}
    onResponderGrant={[Function]}
    onResponderMove={[Function]}
    onResponderRelease={[Function]}
    onResponderTerminate={[Function]}
    onResponderTerminationRequest={[Function]}
    onStartShouldSetResponder={[Function]}
    style={
      Object {
        "opacity": 1,
      }
    }
  >
    <View
      style={
        Array [
          Object {},
        ]
      }
    >
      <Text
        style={
          Array [
            Object {
              "color": "#007AFF",
              "fontSize": 18,
              "margin": 8,
              "textAlign": "center",
            },
          ]
        }
      >
        Add new Goal
      </Text>
    </View>
  </View>
  <Modal
    hardwareAccelerated={false}
    visible={false}
  >
    <View
      style={
        Object {
          "alignItems": "center",
          "flex": 1,
          "justifyContent": "center",
        }
      }
    >
      <TextInput
        allowFontScaling={true}
        onChangeText={[Function]}
        placeholder="Course Goal"
        rejectResponderTermination={true}
        style={
          Object {
            "borderColor": "black",
            "borderWidth": 1,
            "margin": 10,
            "padding": 10,
            "width": "80%",
          }
        }
        underlineColorAndroid="transparent"
        value=""
      />
      <View
        style={
          Object {
            "alignItems": "center",
            "flexDirection": "row",
            "justifyContent": "space-between",
            "width": "60%",
          }
        }
      >
        <View
          style={
            Object {
              "width": "40%",
            }
          }
        >
          <View
            accessibilityRole="button"
            accessibilityState={Object {}}
            accessible={true}
            focusable={true}
            onClick={[Function]}
            onResponderGrant={[Function]}
            onResponderMove={[Function]}
            onResponderRelease={[Function]}
            onResponderTerminate={[Function]}
            onResponderTerminationRequest={[Function]}
            onStartShouldSetResponder={[Function]}
            style={
              Object {
                "opacity": 1,
              }
            }
          >
            <View
              style={
                Array [
                  Object {},
                ]
              }
            >
              <Text
                style={
                  Array [
                    Object {
                      "color": "#007AFF",
                      "fontSize": 18,
                      "margin": 8,
                      "textAlign": "center",
                    },
                    Object {
                      "color": "red",
                    },
                  ]
                }
              >
                CANCEL
              </Text>
            </View>
          </View>
        </View>
        <View
          style={
            Object {
              "width": "40%",
            }
          }
        >
          <View
            accessibilityRole="button"
            accessibilityState={Object {}}
            accessible={true}
            focusable={true}
            onClick={[Function]}
            onResponderGrant={[Function]}
            onResponderMove={[Function]}
            onResponderRelease={[Function]}
            onResponderTerminate={[Function]}
            onResponderTerminationRequest={[Function]}
            onStartShouldSetResponder={[Function]}
            style={
              Object {
                "opacity": 1,
              }
            }
          >
            <View
              style={
                Array [
                  Object {},
                ]
              }
            >
              <Text
                style={
                  Array [
                    Object {
                      "color": "#007AFF",
                      "fontSize": 18,
                      "margin": 8,
                      "textAlign": "center",
                    },
                  ]
                }
              >
                ADD
              </Text>
            </View>
          </View>
        </View>
      </View>
    </View>
  </Modal>
  <RCTScrollView
    data={Array []}
    disableVirtualization={false}
    getItem={[Function]}
    getItemCount={[Function]}
    horizontal={false}
    initialNumToRender={10}
    keyExtractor={[Function]}
    maxToRenderPerBatch={10}
    onContentSizeChange={[Function]}
    onEndReachedThreshold={2}
    onLayout={[Function]}
    onMomentumScrollEnd={[Function]}
    onScroll={[Function]}
    onScrollBeginDrag={[Function]}
    onScrollEndDrag={[Function]}
    removeClippedSubviews={false}
    renderItem={[Function]}
    scrollEventThrottle={50}
    stickyHeaderIndices={Array []}
    updateCellsBatchingPeriod={50}
    viewabilityConfigCallbackPairs={Array []}
    windowSize={21}
  >
    <View />
  </RCTScrollView>
</View>
`;
